###############################################################################
#                                                                             #
# IAR C/C++ Compiler V8.10.1.10194/W32 for 8051         11/Dec/2018  11:18:25 #
# Copyright 2004-2011 IAR Systems AB.                                         #
#                                                                             #
#    Core               =  plain                                              #
#    Code model         =  banked                                             #
#    Data model         =  large                                              #
#    Calling convention =  xdata reentrant                                    #
#    Constant location  =  data_rom                                           #
#    Dptr setup         =  1,16                                               #
#    Source file        =  F:\¥ÛÀƒ\01Œ¬ “¥Û≈Ô◊ ¡œ\03-≥£”√π§æﬂ\03-œµÕ≥¥˙¬Î\01- #
#                          ZigBee–≠“È’ª\Texas Instruments\ZStack-CC2530-2.4.0 #
#                          -1.4.0\Projects\zstack\Samples\CO2_Fan\CC2530DB\Fa #
#                          n.c                                                #
#    Command line       =  -f "F:\¥ÛÀƒ\01Œ¬ “¥Û≈Ô◊ ¡œ\03-≥£”√π§æﬂ\03-œµÕ≥¥˙¬Î #
#                          \01-ZigBee–≠“È’ª\Texas Instruments\ZStack-CC2530-2 #
#                          .4.0-1.4.0\Projects\zstack\Samples\CO2_Fan\CC2530D #
#                          B\..\..\..\Tools\CC2530DB\f8wEndev.cfg"            #
#                          (-DCPU32MHZ -DROOT=__near_func                     #
#                          -DMAC_CFG_TX_DATA_MAX=3 -DMAC_CFG_TX_MAX=6         #
#                          -DMAC_CFG_RX_MAX=3) -f "F:\¥ÛÀƒ\01Œ¬ “¥Û≈Ô◊ ¡œ\03- #
#                          ≥£”√π§æﬂ\03-œµÕ≥¥˙¬Î\01-ZigBee–≠“È’ª\Texas         #
#                          Instruments\ZStack-CC2530-2.4.0-1.4.0\Projects\zst #
#                          ack\Samples\CO2_Fan\CC2530DB\..\..\..\Tools\CC2530 #
#                          DB\f8wConfig.cfg" (-DZIGBEEPRO -DSECURE=0          #
#                          -DZG_SECURE_DYNAMIC=0 -DREFLECTOR                  #
#                          -DDEFAULT_CHANLIST=0x00000800                      #
#                          -DZDAPP_CONFIG_PAN_ID=0xAA34                       #
#                          -DNWK_START_DELAY=100 -DEXTENDED_JOINING_RANDOM_MA #
#                          SK=0x007F -DBEACON_REQUEST_DELAY=100               #
#                          -DBEACON_REQ_DELAY_MASK=0x00FF                     #
#                          -DLINK_STATUS_JITTER_MASK=0x007F                   #
#                          -DROUTE_EXPIRY_TIME=30 -DAPSC_ACK_WAIT_DURATION_PO #
#                          LLED=3000 -DNWK_INDIRECT_MSG_TIMEOUT=7             #
#                          -DMAX_RREQ_ENTRIES=8 -DAPSC_MAX_FRAME_RETRIES=3    #
#                          -DNWK_MAX_DATA_RETRIES=2                           #
#                          -DMAX_POLL_FAILURE_RETRIES=2 -DMAX_BCAST=9         #
#                          -DAPS_MAX_GROUPS=16 -DMAX_RTG_ENTRIES=40           #
#                          -DNWK_MAX_BINDING_ENTRIES=4                        #
#                          -DMAX_BINDING_CLUSTER_IDS=4 "-DDEFAULT_KEY={0x01,  #
#                          0x03, 0x05, 0x07, 0x09, 0x0B, 0x0D, 0x0F, 0x00,    #
#                          0x02, 0x04, 0x06, 0x08, 0x0A, 0x0C, 0x0D}"         #
#                          -DMAC_MAX_FRAME_SIZE=116                           #
#                          -DZDNWKMGR_MIN_TRANSMISSIONS=20 "-DCONST=const     #
#                          __code" -DGENERIC=__generic                        #
#                          -DRFD_RCVC_ALWAYS_ON=TRUE -DPOLL_RATE=1000         #
#                          -DQUEUED_POLL_RATE=100 -DRESPONSE_POLL_RATE=100)   #
#                          -DREJOIN_POLL_RATE=440 "F:\¥ÛÀƒ\01Œ¬ “¥Û≈Ô◊ ¡œ\03- #
#                          ≥£”√π§æﬂ\03-œµÕ≥¥˙¬Î\01-ZigBee–≠“È’ª\Texas         #
#                          Instruments\ZStack-CC2530-2.4.0-1.4.0\Projects\zst #
#                          ack\Samples\CO2_Fan\CC2530DB\Fan.c" -D             #
#                          NWK_AUTO_POLL -D ZTOOL_P1 -D MT_TASK -D            #
#                          MT_SYS_FUNC -D MT_ZDO_FUNC -D LCD_SUPPORTED=DEBUG  #
#                          -D xPOWER_SAVING -lC "F:\¥ÛÀƒ\01Œ¬ “¥Û≈Ô◊ ¡œ\03-≥£ #
#                          ”√π§æﬂ\03-œµÕ≥¥˙¬Î\01-ZigBee–≠“È’ª\Texas           #
#                          Instruments\ZStack-CC2530-2.4.0-1.4.0\Projects\zst #
#                          ack\Samples\CO2_Fan\CC2530DB\CO2_Fan\List\" -lA    #
#                          "F:\¥ÛÀƒ\01Œ¬ “¥Û≈Ô◊ ¡œ\03-≥£”√π§æﬂ\03-œµÕ≥¥˙¬Î\01 #
#                          -ZigBee–≠“È’ª\Texas Instruments\ZStack-CC2530-2.4. #
#                          0-1.4.0\Projects\zstack\Samples\CO2_Fan\CC2530DB\C #
#                          O2_Fan\List\" --diag_suppress Pe001,Pa010 -o       #
#                          "F:\¥ÛÀƒ\01Œ¬ “¥Û≈Ô◊ ¡œ\03-≥£”√π§æﬂ\03-œµÕ≥¥˙¬Î\01 #
#                          -ZigBee–≠“È’ª\Texas Instruments\ZStack-CC2530-2.4. #
#                          0-1.4.0\Projects\zstack\Samples\CO2_Fan\CC2530DB\C #
#                          O2_Fan\Obj\" -e --no_code_motion --debug           #
#                          --core=plain --dptr=16,1 --data_model=large        #
#                          --code_model=banked --calling_convention=xdata_ree #
#                          ntrant --place_constants=data_rom                  #
#                          --nr_virtual_regs 16 -I "F:\¥ÛÀƒ\01Œ¬ “¥Û≈Ô◊ ¡œ\03 #
#                          -≥£”√π§æﬂ\03-œµÕ≥¥˙¬Î\01-ZigBee–≠“È’ª\Texas        #
#                          Instruments\ZStack-CC2530-2.4.0-1.4.0\Projects\zst #
#                          ack\Samples\CO2_Fan\CC2530DB\" -I                  #
#                          "F:\¥ÛÀƒ\01Œ¬ “¥Û≈Ô◊ ¡œ\03-≥£”√π§æﬂ\03-œµÕ≥¥˙¬Î\01 #
#                          -ZigBee–≠“È’ª\Texas Instruments\ZStack-CC2530-2.4. #
#                          0-1.4.0\Projects\zstack\Samples\CO2_Fan\CC2530DB\. #
#                          .\Source\" -I "F:\¥ÛÀƒ\01Œ¬ “¥Û≈Ô◊ ¡œ\03-≥£”√π§æﬂ\ #
#                          03-œµÕ≥¥˙¬Î\01-ZigBee–≠“È’ª\Texas                  #
#                          Instruments\ZStack-CC2530-2.4.0-1.4.0\Projects\zst #
#                          ack\Samples\CO2_Fan\CC2530DB\..\..\..\ZMain\TI2530 #
#                          DB\" -I "F:\¥ÛÀƒ\01Œ¬ “¥Û≈Ô◊ ¡œ\03-≥£”√π§æﬂ\03-œµÕ #
#                          ≥¥˙¬Î\01-ZigBee–≠“È’ª\Texas                        #
#                          Instruments\ZStack-CC2530-2.4.0-1.4.0\Projects\zst #
#                          ack\Samples\CO2_Fan\CC2530DB\..\..\..\..\..\Compon #
#                          ents\hal\include\" -I "F:\¥ÛÀƒ\01Œ¬ “¥Û≈Ô◊ ¡œ\03-≥ #
#                          £”√π§æﬂ\03-œµÕ≥¥˙¬Î\01-ZigBee–≠“È’ª\Texas          #
#                          Instruments\ZStack-CC2530-2.4.0-1.4.0\Projects\zst #
#                          ack\Samples\CO2_Fan\CC2530DB\..\..\..\..\..\Compon #
#                          ents\hal\target\CC2530EB\" -I                      #
#                          "F:\¥ÛÀƒ\01Œ¬ “¥Û≈Ô◊ ¡œ\03-≥£”√π§æﬂ\03-œµÕ≥¥˙¬Î\01 #
#                          -ZigBee–≠“È’ª\Texas Instruments\ZStack-CC2530-2.4. #
#                          0-1.4.0\Projects\zstack\Samples\CO2_Fan\CC2530DB\. #
#                          .\..\..\..\..\Components\mac\include\" -I          #
#                          "F:\¥ÛÀƒ\01Œ¬ “¥Û≈Ô◊ ¡œ\03-≥£”√π§æﬂ\03-œµÕ≥¥˙¬Î\01 #
#                          -ZigBee–≠“È’ª\Texas Instruments\ZStack-CC2530-2.4. #
#                          0-1.4.0\Projects\zstack\Samples\CO2_Fan\CC2530DB\. #
#                          .\..\..\..\..\Components\mac\high_level\" -I       #
#                          "F:\¥ÛÀƒ\01Œ¬ “¥Û≈Ô◊ ¡œ\03-≥£”√π§æﬂ\03-œµÕ≥¥˙¬Î\01 #
#                          -ZigBee–≠“È’ª\Texas Instruments\ZStack-CC2530-2.4. #
#                          0-1.4.0\Projects\zstack\Samples\CO2_Fan\CC2530DB\. #
#                          .\..\..\..\..\Components\mac\low_level\srf04\" -I  #
#                          "F:\¥ÛÀƒ\01Œ¬ “¥Û≈Ô◊ ¡œ\03-≥£”√π§æﬂ\03-œµÕ≥¥˙¬Î\01 #
#                          -ZigBee–≠“È’ª\Texas Instruments\ZStack-CC2530-2.4. #
#                          0-1.4.0\Projects\zstack\Samples\CO2_Fan\CC2530DB\. #
#                          .\..\..\..\..\Components\mac\low_level\srf04\singl #
#                          e_chip\" -I "F:\¥ÛÀƒ\01Œ¬ “¥Û≈Ô◊ ¡œ\03-≥£”√π§æﬂ\03 #
#                          -œµÕ≥¥˙¬Î\01-ZigBee–≠“È’ª\Texas                    #
#                          Instruments\ZStack-CC2530-2.4.0-1.4.0\Projects\zst #
#                          ack\Samples\CO2_Fan\CC2530DB\..\..\..\..\..\Compon #
#                          ents\mt\" -I "F:\¥ÛÀƒ\01Œ¬ “¥Û≈Ô◊ ¡œ\03-≥£”√π§æﬂ\0 #
#                          3-œµÕ≥¥˙¬Î\01-ZigBee–≠“È’ª\Texas                   #
#                          Instruments\ZStack-CC2530-2.4.0-1.4.0\Projects\zst #
#                          ack\Samples\CO2_Fan\CC2530DB\..\..\..\..\..\Compon #
#                          ents\osal\include\" -I "F:\¥ÛÀƒ\01Œ¬ “¥Û≈Ô◊ ¡œ\03- #
#                          ≥£”√π§æﬂ\03-œµÕ≥¥˙¬Î\01-ZigBee–≠“È’ª\Texas         #
#                          Instruments\ZStack-CC2530-2.4.0-1.4.0\Projects\zst #
#                          ack\Samples\CO2_Fan\CC2530DB\..\..\..\..\..\Compon #
#                          ents\osal\mcu\ccsoc\" -I                           #
#                          "F:\¥ÛÀƒ\01Œ¬ “¥Û≈Ô◊ ¡œ\03-≥£”√π§æﬂ\03-œµÕ≥¥˙¬Î\01 #
#                          -ZigBee–≠“È’ª\Texas Instruments\ZStack-CC2530-2.4. #
#                          0-1.4.0\Projects\zstack\Samples\CO2_Fan\CC2530DB\. #
#                          .\..\..\..\..\Components\services\saddr\" -I       #
#                          "F:\¥ÛÀƒ\01Œ¬ “¥Û≈Ô◊ ¡œ\03-≥£”√π§æﬂ\03-œµÕ≥¥˙¬Î\01 #
#                          -ZigBee–≠“È’ª\Texas Instruments\ZStack-CC2530-2.4. #
#                          0-1.4.0\Projects\zstack\Samples\CO2_Fan\CC2530DB\. #
#                          .\..\..\..\..\Components\services\sdata\" -I       #
#                          "F:\¥ÛÀƒ\01Œ¬ “¥Û≈Ô◊ ¡œ\03-≥£”√π§æﬂ\03-œµÕ≥¥˙¬Î\01 #
#                          -ZigBee–≠“È’ª\Texas Instruments\ZStack-CC2530-2.4. #
#                          0-1.4.0\Projects\zstack\Samples\CO2_Fan\CC2530DB\. #
#                          .\..\..\..\..\Components\stack\af\" -I             #
#                          "F:\¥ÛÀƒ\01Œ¬ “¥Û≈Ô◊ ¡œ\03-≥£”√π§æﬂ\03-œµÕ≥¥˙¬Î\01 #
#                          -ZigBee–≠“È’ª\Texas Instruments\ZStack-CC2530-2.4. #
#                          0-1.4.0\Projects\zstack\Samples\CO2_Fan\CC2530DB\. #
#                          .\..\..\..\..\Components\stack\nwk\" -I            #
#                          "F:\¥ÛÀƒ\01Œ¬ “¥Û≈Ô◊ ¡œ\03-≥£”√π§æﬂ\03-œµÕ≥¥˙¬Î\01 #
#                          -ZigBee–≠“È’ª\Texas Instruments\ZStack-CC2530-2.4. #
#                          0-1.4.0\Projects\zstack\Samples\CO2_Fan\CC2530DB\. #
#                          .\..\..\..\..\Components\stack\sapi\" -I           #
#                          "F:\¥ÛÀƒ\01Œ¬ “¥Û≈Ô◊ ¡œ\03-≥£”√π§æﬂ\03-œµÕ≥¥˙¬Î\01 #
#                          -ZigBee–≠“È’ª\Texas Instruments\ZStack-CC2530-2.4. #
#                          0-1.4.0\Projects\zstack\Samples\CO2_Fan\CC2530DB\. #
#                          .\..\..\..\..\Components\stack\sec\" -I            #
#                          "F:\¥ÛÀƒ\01Œ¬ “¥Û≈Ô◊ ¡œ\03-≥£”√π§æﬂ\03-œµÕ≥¥˙¬Î\01 #
#                          -ZigBee–≠“È’ª\Texas Instruments\ZStack-CC2530-2.4. #
#                          0-1.4.0\Projects\zstack\Samples\CO2_Fan\CC2530DB\. #
#                          .\..\..\..\..\Components\stack\sys\" -I            #
#                          "F:\¥ÛÀƒ\01Œ¬ “¥Û≈Ô◊ ¡œ\03-≥£”√π§æﬂ\03-œµÕ≥¥˙¬Î\01 #
#                          -ZigBee–≠“È’ª\Texas Instruments\ZStack-CC2530-2.4. #
#                          0-1.4.0\Projects\zstack\Samples\CO2_Fan\CC2530DB\. #
#                          .\..\..\..\..\Components\stack\zdo\" -I            #
#                          "F:\¥ÛÀƒ\01Œ¬ “¥Û≈Ô◊ ¡œ\03-≥£”√π§æﬂ\03-œµÕ≥¥˙¬Î\01 #
#                          -ZigBee–≠“È’ª\Texas Instruments\ZStack-CC2530-2.4. #
#                          0-1.4.0\Projects\zstack\Samples\CO2_Fan\CC2530DB\. #
#                          .\..\..\..\..\Components\zmac\" -I                 #
#                          "F:\¥ÛÀƒ\01Œ¬ “¥Û≈Ô◊ ¡œ\03-≥£”√π§æﬂ\03-œµÕ≥¥˙¬Î\01 #
#                          -ZigBee–≠“È’ª\Texas Instruments\ZStack-CC2530-2.4. #
#                          0-1.4.0\Projects\zstack\Samples\CO2_Fan\CC2530DB\. #
#                          .\..\..\..\..\Components\zmac\f8w\" -Ohz           #
#                          --require_prototypes                               #
#    List file          =  F:\¥ÛÀƒ\01Œ¬ “¥Û≈Ô◊ ¡œ\03-≥£”√π§æﬂ\03-œµÕ≥¥˙¬Î\01- #
#                          ZigBee–≠“È’ª\Texas Instruments\ZStack-CC2530-2.4.0 #
#                          -1.4.0\Projects\zstack\Samples\CO2_Fan\CC2530DB\CO #
#                          2_Fan\List\Fan.lst                                 #
#    Object file        =  F:\¥ÛÀƒ\01Œ¬ “¥Û≈Ô◊ ¡œ\03-≥£”√π§æﬂ\03-œµÕ≥¥˙¬Î\01- #
#                          ZigBee–≠“È’ª\Texas Instruments\ZStack-CC2530-2.4.0 #
#                          -1.4.0\Projects\zstack\Samples\CO2_Fan\CC2530DB\CO #
#                          2_Fan\Obj\Fan.r51                                  #
#                                                                             #
#                                                                             #
###############################################################################

F:\¥ÛÀƒ\01Œ¬ “¥Û≈Ô◊ ¡œ\03-≥£”√π§æﬂ\03-œµÕ≥¥˙¬Î\01-ZigBee–≠“È’ª\Texas Instruments\ZStack-CC2530-2.4.0-1.4.0\Projects\zstack\Samples\CO2_Fan\CC2530DB\Fan.c
      1          #include "Fan.h"
      2          #include <ioCC2530.h> 

   \                                 In  segment SFR_AN, at 0x80
   \   union <unnamed> volatile __sfr _A_P0
   \                     _A_P0:
   \   000000                DS 1

   \                                 In  segment SFR_AN, at 0xf3
   \   unsigned char volatile __sfr P0SEL
   \                     P0SEL:
   \   000000                DS 1

   \                                 In  segment SFR_AN, at 0xfd
   \   unsigned char volatile __sfr P0DIR
   \                     P0DIR:
   \   000000                DS 1
      3          

   \                                 In  segment BANKED_CODE, align 1, keep-with-next
      4          void Fan_init(void)
   \                     Fan_init:
      5          {
   \   000000                ; Saved register size: 0
   \   000000                ; Auto size: 0
      6            P0SEL &= ~0x02;          //P1.0Œ™∆’Õ® I/O ø⁄
   \   000000   53F3FD       ANL     0xf3,#0xfd
      7            P0DIR |= 0x02;           // ‰≥ˆ
   \   000003   43FD02       ORL     0xfd,#0x2
      8            
      9            P0_1 = 0;                //∑Á…»ƒ¨»œπÿ±’
   \   000006                REQUIRE ?Subroutine0
   \   000006                REQUIRE P0SEL
   \   000006                REQUIRE P0DIR
   \   000006                REQUIRE _A_P0
   \   000006                ; // Fall through to label ?Subroutine0
     10          }

   \                                 In  segment BANKED_CODE, align 1, keep-with-next
   \                     ?Subroutine0:
   \   000000   C281         CLR     0x80.1
   \   000002   02....       LJMP    ?BRET
     11          
     12          

   \                                 In  segment BANKED_CODE, align 1, keep-with-next
     13          void Open_Fan(void)
   \                     Open_Fan:
     14          {
   \   000000                ; Saved register size: 0
   \   000000                ; Auto size: 0
     15            P0_1 = 1;
   \   000000   D281         SETB    0x80.1
     16          }
   \   000002   02....       LJMP    ?BRET
   \   000005                REQUIRE _A_P0
     17          
     18          

   \                                 In  segment BANKED_CODE, align 1, keep-with-next
     19          void Close_Fan(void)
   \                     Close_Fan:
     20          {
   \   000000                ; Saved register size: 0
   \   000000                ; Auto size: 0
     21            P0_1 = 0;
   \   000000   80..         SJMP    ?Subroutine0
   \   000002                REQUIRE _A_P0
     22          }

   \                                 In  segment BANK_RELAYS, align 1
   \                     ??Fan_init?relay:
   \   000000   12....       LCALL   ?BDISPATCH
   \   000003   ......       DC24    Fan_init

   \                                 In  segment BANK_RELAYS, align 1
   \                     ??Open_Fan?relay:
   \   000000   12....       LCALL   ?BDISPATCH
   \   000003   ......       DC24    Open_Fan

   \                                 In  segment BANK_RELAYS, align 1
   \                     ??Close_Fan?relay:
   \   000000   12....       LCALL   ?BDISPATCH
   \   000003   ......       DC24    Close_Fan

   Maximum stack usage in bytes:

     Function  ISTACK PSTACK XSTACK
     --------  ------ ------ ------
     Close_Fan     0      0      0
     Fan_init      0      0      0
     Open_Fan      0      0      0


   Segment part sizes:

     Function/Label    Bytes
     --------------    -----
     _A_P0                1
     P0SEL                1
     P0DIR                1
     Fan_init             6
     ?Subroutine0         5
     Open_Fan             5
     Close_Fan            2
     ??Fan_init?relay     6
     ??Open_Fan?relay     6
     ??Close_Fan?relay    6

 
 18 bytes in segment BANKED_CODE
 18 bytes in segment BANK_RELAYS
  3 bytes in segment SFR_AN
 
 36 bytes of CODE memory
  0 bytes of DATA memory (+ 3 bytes shared)

Errors: none
Warnings: none
